// Jest Snapshot v1, https://goo.gl/fbAQLP

exports[`CardContainer tests renders the Card with the correct props 1`] = `
ShallowWrapper {
  Symbol(enzyme.__root__): [Circular],
  Symbol(enzyme.__unrendered__): <Unknown
    movies={
        Array [
            Object {
              "movie_id": 383498,
              "overview": "Wisecracking mercenary Deadpool battles the evil and powerful Cable and other bad guys to save a boy's life.",
              "poster_path": "https://image.tmdb.org/t/p/w200/to0spRl1CMDvyUbOnbb4fTk3VAd.jpg",
              "release_date": "2018-05-15",
              "title": "Deadpool 2",
              "vote_average": 7.5,
            },
            Object {
              "movie_id": 299536,
              "overview": "As the Avengers and their allies have continued to protect the world from threats too large for any one hero to handle, a new danger has emerged from the cosmic shadows: Thanos. A despot of intergalactic infamy, his goal is to collect all six Infinity Stones, artifacts of unimaginable power, and use them to inflict his twisted will on all of reality. Everything the Avengers have fought for has led up to this moment - the fate of Earth and existence itself has never been more uncertain.",
              "poster_path": "https://image.tmdb.org/t/p/w200/7WsyChQLEftFiDOVTGkv3hFpyyt.jpg",
              "release_date": "2018-04-25",
              "title": "Avengers: Infinity War",
              "vote_average": 8.3,
            },
          ]
    }
/>,
  Symbol(enzyme.__renderer__): Object {
    "batchedUpdates": [Function],
    "getNode": [Function],
    "render": [Function],
    "simulateEvent": [Function],
    "unmount": [Function],
  },
  Symbol(enzyme.__node__): Object {
    "instance": null,
    "key": undefined,
    "nodeType": "host",
    "props": Object {
      "children": Array [
        <Connect(Component)
          movie={
                    Object {
                              "movie_id": 383498,
                              "overview": "Wisecracking mercenary Deadpool battles the evil and powerful Cable and other bad guys to save a boy's life.",
                              "poster_path": "https://image.tmdb.org/t/p/w200/to0spRl1CMDvyUbOnbb4fTk3VAd.jpg",
                              "release_date": "2018-05-15",
                              "title": "Deadpool 2",
                              "vote_average": 7.5,
                            }
          }
/>,
        <Connect(Component)
          movie={
                    Object {
                              "movie_id": 299536,
                              "overview": "As the Avengers and their allies have continued to protect the world from threats too large for any one hero to handle, a new danger has emerged from the cosmic shadows: Thanos. A despot of intergalactic infamy, his goal is to collect all six Infinity Stones, artifacts of unimaginable power, and use them to inflict his twisted will on all of reality. Everything the Avengers have fought for has led up to this moment - the fate of Earth and existence itself has never been more uncertain.",
                              "poster_path": "https://image.tmdb.org/t/p/w200/7WsyChQLEftFiDOVTGkv3hFpyyt.jpg",
                              "release_date": "2018-04-25",
                              "title": "Avengers: Infinity War",
                              "vote_average": 8.3,
                            }
          }
/>,
      ],
      "className": "card-container",
    },
    "ref": null,
    "rendered": Array [
      Object {
        "instance": null,
        "key": undefined,
        "nodeType": "class",
        "props": Object {
          "movie": Object {
            "movie_id": 383498,
            "overview": "Wisecracking mercenary Deadpool battles the evil and powerful Cable and other bad guys to save a boy's life.",
            "poster_path": "https://image.tmdb.org/t/p/w200/to0spRl1CMDvyUbOnbb4fTk3VAd.jpg",
            "release_date": "2018-05-15",
            "title": "Deadpool 2",
            "vote_average": 7.5,
          },
        },
        "ref": null,
        "rendered": null,
        "type": [Function],
      },
      Object {
        "instance": null,
        "key": undefined,
        "nodeType": "class",
        "props": Object {
          "movie": Object {
            "movie_id": 299536,
            "overview": "As the Avengers and their allies have continued to protect the world from threats too large for any one hero to handle, a new danger has emerged from the cosmic shadows: Thanos. A despot of intergalactic infamy, his goal is to collect all six Infinity Stones, artifacts of unimaginable power, and use them to inflict his twisted will on all of reality. Everything the Avengers have fought for has led up to this moment - the fate of Earth and existence itself has never been more uncertain.",
            "poster_path": "https://image.tmdb.org/t/p/w200/7WsyChQLEftFiDOVTGkv3hFpyyt.jpg",
            "release_date": "2018-04-25",
            "title": "Avengers: Infinity War",
            "vote_average": 8.3,
          },
        },
        "ref": null,
        "rendered": null,
        "type": [Function],
      },
    ],
    "type": "div",
  },
  Symbol(enzyme.__nodes__): Array [
    Object {
      "instance": null,
      "key": undefined,
      "nodeType": "host",
      "props": Object {
        "children": Array [
          <Connect(Component)
            movie={
                        Object {
                                    "movie_id": 383498,
                                    "overview": "Wisecracking mercenary Deadpool battles the evil and powerful Cable and other bad guys to save a boy's life.",
                                    "poster_path": "https://image.tmdb.org/t/p/w200/to0spRl1CMDvyUbOnbb4fTk3VAd.jpg",
                                    "release_date": "2018-05-15",
                                    "title": "Deadpool 2",
                                    "vote_average": 7.5,
                                  }
            }
/>,
          <Connect(Component)
            movie={
                        Object {
                                    "movie_id": 299536,
                                    "overview": "As the Avengers and their allies have continued to protect the world from threats too large for any one hero to handle, a new danger has emerged from the cosmic shadows: Thanos. A despot of intergalactic infamy, his goal is to collect all six Infinity Stones, artifacts of unimaginable power, and use them to inflict his twisted will on all of reality. Everything the Avengers have fought for has led up to this moment - the fate of Earth and existence itself has never been more uncertain.",
                                    "poster_path": "https://image.tmdb.org/t/p/w200/7WsyChQLEftFiDOVTGkv3hFpyyt.jpg",
                                    "release_date": "2018-04-25",
                                    "title": "Avengers: Infinity War",
                                    "vote_average": 8.3,
                                  }
            }
/>,
        ],
        "className": "card-container",
      },
      "ref": null,
      "rendered": Array [
        Object {
          "instance": null,
          "key": undefined,
          "nodeType": "class",
          "props": Object {
            "movie": Object {
              "movie_id": 383498,
              "overview": "Wisecracking mercenary Deadpool battles the evil and powerful Cable and other bad guys to save a boy's life.",
              "poster_path": "https://image.tmdb.org/t/p/w200/to0spRl1CMDvyUbOnbb4fTk3VAd.jpg",
              "release_date": "2018-05-15",
              "title": "Deadpool 2",
              "vote_average": 7.5,
            },
          },
          "ref": null,
          "rendered": null,
          "type": [Function],
        },
        Object {
          "instance": null,
          "key": undefined,
          "nodeType": "class",
          "props": Object {
            "movie": Object {
              "movie_id": 299536,
              "overview": "As the Avengers and their allies have continued to protect the world from threats too large for any one hero to handle, a new danger has emerged from the cosmic shadows: Thanos. A despot of intergalactic infamy, his goal is to collect all six Infinity Stones, artifacts of unimaginable power, and use them to inflict his twisted will on all of reality. Everything the Avengers have fought for has led up to this moment - the fate of Earth and existence itself has never been more uncertain.",
              "poster_path": "https://image.tmdb.org/t/p/w200/7WsyChQLEftFiDOVTGkv3hFpyyt.jpg",
              "release_date": "2018-04-25",
              "title": "Avengers: Infinity War",
              "vote_average": 8.3,
            },
          },
          "ref": null,
          "rendered": null,
          "type": [Function],
        },
      ],
      "type": "div",
    },
  ],
  Symbol(enzyme.__options__): Object {
    "adapter": ReactSixteenAdapter {
      "options": Object {
        "enableComponentDidUpdateOnSetState": true,
        "lifecycles": Object {
          "componentDidUpdate": Object {
            "onSetState": true,
          },
          "getDerivedStateFromProps": true,
          "getSnapshotBeforeUpdate": true,
          "setState": Object {
            "skipsComponentDidUpdateOnNullish": true,
          },
        },
      },
    },
    "attachTo": undefined,
    "disableLifecycleMethods": true,
    "hydrateIn": undefined,
  },
}
`;
