// Jest Snapshot v1, https://goo.gl/fbAQLP

exports[`Login tests renders the Card with the correct props 1`] = `
ShallowWrapper {
  Symbol(enzyme.__root__): [Circular],
  Symbol(enzyme.__unrendered__): <Login
    mockSetUserFavorites={[Function]}
    setActiveUser={[Function]}
    user={
        Object {
            "name": "Taylor",
            "user_id": 1,
          }
    }
/>,
  Symbol(enzyme.__renderer__): Object {
    "batchedUpdates": [Function],
    "getNode": [Function],
    "render": [Function],
    "simulateEvent": [Function],
    "unmount": [Function],
  },
  Symbol(enzyme.__node__): Object {
    "instance": null,
    "key": undefined,
    "nodeType": "host",
    "props": Object {
      "children": Array [
        <form
          className="user-login"
          onSubmit={[Function]}
>
          <h2
                    className="log-header"
          >
                    Log In
          </h2>
          <input
                    className="email input-field"
                    name="email"
                    onChange={[Function]}
                    placeholder="email"
                    type="email"
                    value=""
          />
          <input
                    className="password input-field"
                    name="password"
                    onChange={[Function]}
                    placeholder="password"
                    type="password"
                    value=""
          />
          <button
                    className="log-button"
          >
                    Log In
          </button>
</form>,
        <Link
          replace={false}
          to="/signup"
>
          <button
                    className="log-button"
          >
                    Sign UP
          </button>
</Link>,
        <Link
          replace={false}
          to="/"
>
          <button
                    className="log-button send-home"
          >
                    Home
          </button>
</Link>,
        false,
      ],
    },
    "ref": null,
    "rendered": Array [
      Object {
        "instance": null,
        "key": undefined,
        "nodeType": "host",
        "props": Object {
          "children": Array [
            <h2
              className="log-header"
>
              Log In
</h2>,
            <input
              className="email input-field"
              name="email"
              onChange={[Function]}
              placeholder="email"
              type="email"
              value=""
/>,
            <input
              className="password input-field"
              name="password"
              onChange={[Function]}
              placeholder="password"
              type="password"
              value=""
/>,
            <button
              className="log-button"
>
              Log In
</button>,
          ],
          "className": "user-login",
          "onSubmit": [Function],
        },
        "ref": null,
        "rendered": Array [
          Object {
            "instance": null,
            "key": undefined,
            "nodeType": "host",
            "props": Object {
              "children": "Log In",
              "className": "log-header",
            },
            "ref": null,
            "rendered": "Log In",
            "type": "h2",
          },
          Object {
            "instance": null,
            "key": undefined,
            "nodeType": "host",
            "props": Object {
              "className": "email input-field",
              "name": "email",
              "onChange": [Function],
              "placeholder": "email",
              "type": "email",
              "value": "",
            },
            "ref": null,
            "rendered": null,
            "type": "input",
          },
          Object {
            "instance": null,
            "key": undefined,
            "nodeType": "host",
            "props": Object {
              "className": "password input-field",
              "name": "password",
              "onChange": [Function],
              "placeholder": "password",
              "type": "password",
              "value": "",
            },
            "ref": null,
            "rendered": null,
            "type": "input",
          },
          Object {
            "instance": null,
            "key": undefined,
            "nodeType": "host",
            "props": Object {
              "children": "Log In",
              "className": "log-button",
            },
            "ref": null,
            "rendered": "Log In",
            "type": "button",
          },
        ],
        "type": "form",
      },
      Object {
        "instance": null,
        "key": undefined,
        "nodeType": "class",
        "props": Object {
          "children": <button
            className="log-button"
>
            Sign UP
</button>,
          "replace": false,
          "to": "/signup",
        },
        "ref": null,
        "rendered": Object {
          "instance": null,
          "key": undefined,
          "nodeType": "host",
          "props": Object {
            "children": "Sign UP",
            "className": "log-button",
          },
          "ref": null,
          "rendered": "Sign UP",
          "type": "button",
        },
        "type": [Function],
      },
      Object {
        "instance": null,
        "key": undefined,
        "nodeType": "class",
        "props": Object {
          "children": <button
            className="log-button send-home"
>
            Home
</button>,
          "replace": false,
          "to": "/",
        },
        "ref": null,
        "rendered": Object {
          "instance": null,
          "key": undefined,
          "nodeType": "host",
          "props": Object {
            "children": "Home",
            "className": "log-button send-home",
          },
          "ref": null,
          "rendered": "Home",
          "type": "button",
        },
        "type": [Function],
      },
      false,
    ],
    "type": "div",
  },
  Symbol(enzyme.__nodes__): Array [
    Object {
      "instance": null,
      "key": undefined,
      "nodeType": "host",
      "props": Object {
        "children": Array [
          <form
            className="user-login"
            onSubmit={[Function]}
>
            <h2
                        className="log-header"
            >
                        Log In
            </h2>
            <input
                        className="email input-field"
                        name="email"
                        onChange={[Function]}
                        placeholder="email"
                        type="email"
                        value=""
            />
            <input
                        className="password input-field"
                        name="password"
                        onChange={[Function]}
                        placeholder="password"
                        type="password"
                        value=""
            />
            <button
                        className="log-button"
            >
                        Log In
            </button>
</form>,
          <Link
            replace={false}
            to="/signup"
>
            <button
                        className="log-button"
            >
                        Sign UP
            </button>
</Link>,
          <Link
            replace={false}
            to="/"
>
            <button
                        className="log-button send-home"
            >
                        Home
            </button>
</Link>,
          false,
        ],
      },
      "ref": null,
      "rendered": Array [
        Object {
          "instance": null,
          "key": undefined,
          "nodeType": "host",
          "props": Object {
            "children": Array [
              <h2
                className="log-header"
>
                Log In
</h2>,
              <input
                className="email input-field"
                name="email"
                onChange={[Function]}
                placeholder="email"
                type="email"
                value=""
/>,
              <input
                className="password input-field"
                name="password"
                onChange={[Function]}
                placeholder="password"
                type="password"
                value=""
/>,
              <button
                className="log-button"
>
                Log In
</button>,
            ],
            "className": "user-login",
            "onSubmit": [Function],
          },
          "ref": null,
          "rendered": Array [
            Object {
              "instance": null,
              "key": undefined,
              "nodeType": "host",
              "props": Object {
                "children": "Log In",
                "className": "log-header",
              },
              "ref": null,
              "rendered": "Log In",
              "type": "h2",
            },
            Object {
              "instance": null,
              "key": undefined,
              "nodeType": "host",
              "props": Object {
                "className": "email input-field",
                "name": "email",
                "onChange": [Function],
                "placeholder": "email",
                "type": "email",
                "value": "",
              },
              "ref": null,
              "rendered": null,
              "type": "input",
            },
            Object {
              "instance": null,
              "key": undefined,
              "nodeType": "host",
              "props": Object {
                "className": "password input-field",
                "name": "password",
                "onChange": [Function],
                "placeholder": "password",
                "type": "password",
                "value": "",
              },
              "ref": null,
              "rendered": null,
              "type": "input",
            },
            Object {
              "instance": null,
              "key": undefined,
              "nodeType": "host",
              "props": Object {
                "children": "Log In",
                "className": "log-button",
              },
              "ref": null,
              "rendered": "Log In",
              "type": "button",
            },
          ],
          "type": "form",
        },
        Object {
          "instance": null,
          "key": undefined,
          "nodeType": "class",
          "props": Object {
            "children": <button
              className="log-button"
>
              Sign UP
</button>,
            "replace": false,
            "to": "/signup",
          },
          "ref": null,
          "rendered": Object {
            "instance": null,
            "key": undefined,
            "nodeType": "host",
            "props": Object {
              "children": "Sign UP",
              "className": "log-button",
            },
            "ref": null,
            "rendered": "Sign UP",
            "type": "button",
          },
          "type": [Function],
        },
        Object {
          "instance": null,
          "key": undefined,
          "nodeType": "class",
          "props": Object {
            "children": <button
              className="log-button send-home"
>
              Home
</button>,
            "replace": false,
            "to": "/",
          },
          "ref": null,
          "rendered": Object {
            "instance": null,
            "key": undefined,
            "nodeType": "host",
            "props": Object {
              "children": "Home",
              "className": "log-button send-home",
            },
            "ref": null,
            "rendered": "Home",
            "type": "button",
          },
          "type": [Function],
        },
        false,
      ],
      "type": "div",
    },
  ],
  Symbol(enzyme.__options__): Object {
    "adapter": ReactSixteenAdapter {
      "options": Object {
        "enableComponentDidUpdateOnSetState": true,
        "lifecycles": Object {
          "componentDidUpdate": Object {
            "onSetState": true,
          },
          "getDerivedStateFromProps": true,
          "getSnapshotBeforeUpdate": true,
          "setState": Object {
            "skipsComponentDidUpdateOnNullish": true,
          },
        },
      },
    },
    "attachTo": undefined,
    "disableLifecycleMethods": true,
    "hydrateIn": undefined,
  },
}
`;
