// Jest Snapshot v1, https://goo.gl/fbAQLP

exports[`FavoriteContainer tests renders the Card with the correct props 1`] = `
ShallowWrapper {
  Symbol(enzyme.__root__): [Circular],
  Symbol(enzyme.__unrendered__): <Unknown
    selectedMovie={
        Object {
            "movie_id": 353081,
            "overview": "When an IMF mission ends badly, Thunted by assassins while trying to prevent a global catastrophe.",
            "poster_path": "https://image.tmdb.org/t/p/w200/AkJQpZp9WoNdj7pLYSj1L0RcMMN.jpg",
            "release_date": "2018-07-25",
            "title": "Mission: Impossible - Fallout",
            "vote_average": 7.3,
          }
    }
/>,
  Symbol(enzyme.__renderer__): Object {
    "batchedUpdates": [Function],
    "getNode": [Function],
    "render": [Function],
    "simulateEvent": [Function],
    "unmount": [Function],
  },
  Symbol(enzyme.__node__): Object {
    "instance": null,
    "key": undefined,
    "nodeType": "host",
    "props": Object {
      "children": <div
        className="selected-container"
        onClick={[Function]}
>
        <img
                alt="movie data"
                className="poster-image"
                src="https://image.tmdb.org/t/p/w200/AkJQpZp9WoNdj7pLYSj1L0RcMMN.jpg"
        />
        <div
                className="selected-movie-content"
        >
                <h1>
                        Mission: Impossible - Fallout
                </h1>
                <h3>
                        RELEASE: 
                        2018-07-25
                </h3>
                <p>
                        DETAILS: 
                        When an IMF mission ends badly, Thunted by assassins while trying to prevent a global catastrophe.
                </p>
        </div>
</div>,
      "className": "selected-wrapper",
    },
    "ref": null,
    "rendered": Object {
      "instance": null,
      "key": undefined,
      "nodeType": "host",
      "props": Object {
        "children": Array [
          <img
            alt="movie data"
            className="poster-image"
            src="https://image.tmdb.org/t/p/w200/AkJQpZp9WoNdj7pLYSj1L0RcMMN.jpg"
/>,
          <div
            className="selected-movie-content"
>
            <h1>
                        Mission: Impossible - Fallout
            </h1>
            <h3>
                        RELEASE: 
                        2018-07-25
            </h3>
            <p>
                        DETAILS: 
                        When an IMF mission ends badly, Thunted by assassins while trying to prevent a global catastrophe.
            </p>
</div>,
        ],
        "className": "selected-container",
        "onClick": [Function],
      },
      "ref": null,
      "rendered": Array [
        Object {
          "instance": null,
          "key": undefined,
          "nodeType": "host",
          "props": Object {
            "alt": "movie data",
            "className": "poster-image",
            "src": "https://image.tmdb.org/t/p/w200/AkJQpZp9WoNdj7pLYSj1L0RcMMN.jpg",
          },
          "ref": null,
          "rendered": null,
          "type": "img",
        },
        Object {
          "instance": null,
          "key": undefined,
          "nodeType": "host",
          "props": Object {
            "children": Array [
              <h1>
                Mission: Impossible - Fallout
</h1>,
              <h3>
                RELEASE: 
                2018-07-25
</h3>,
              <p>
                DETAILS: 
                When an IMF mission ends badly, Thunted by assassins while trying to prevent a global catastrophe.
</p>,
            ],
            "className": "selected-movie-content",
          },
          "ref": null,
          "rendered": Array [
            Object {
              "instance": null,
              "key": undefined,
              "nodeType": "host",
              "props": Object {
                "children": "Mission: Impossible - Fallout",
              },
              "ref": null,
              "rendered": "Mission: Impossible - Fallout",
              "type": "h1",
            },
            Object {
              "instance": null,
              "key": undefined,
              "nodeType": "host",
              "props": Object {
                "children": Array [
                  "RELEASE: ",
                  "2018-07-25",
                ],
              },
              "ref": null,
              "rendered": Array [
                "RELEASE: ",
                "2018-07-25",
              ],
              "type": "h3",
            },
            Object {
              "instance": null,
              "key": undefined,
              "nodeType": "host",
              "props": Object {
                "children": Array [
                  "DETAILS: ",
                  "When an IMF mission ends badly, Thunted by assassins while trying to prevent a global catastrophe.",
                ],
              },
              "ref": null,
              "rendered": Array [
                "DETAILS: ",
                "When an IMF mission ends badly, Thunted by assassins while trying to prevent a global catastrophe.",
              ],
              "type": "p",
            },
          ],
          "type": "div",
        },
      ],
      "type": "div",
    },
    "type": "div",
  },
  Symbol(enzyme.__nodes__): Array [
    Object {
      "instance": null,
      "key": undefined,
      "nodeType": "host",
      "props": Object {
        "children": <div
          className="selected-container"
          onClick={[Function]}
>
          <img
                    alt="movie data"
                    className="poster-image"
                    src="https://image.tmdb.org/t/p/w200/AkJQpZp9WoNdj7pLYSj1L0RcMMN.jpg"
          />
          <div
                    className="selected-movie-content"
          >
                    <h1>
                              Mission: Impossible - Fallout
                    </h1>
                    <h3>
                              RELEASE: 
                              2018-07-25
                    </h3>
                    <p>
                              DETAILS: 
                              When an IMF mission ends badly, Thunted by assassins while trying to prevent a global catastrophe.
                    </p>
          </div>
</div>,
        "className": "selected-wrapper",
      },
      "ref": null,
      "rendered": Object {
        "instance": null,
        "key": undefined,
        "nodeType": "host",
        "props": Object {
          "children": Array [
            <img
              alt="movie data"
              className="poster-image"
              src="https://image.tmdb.org/t/p/w200/AkJQpZp9WoNdj7pLYSj1L0RcMMN.jpg"
/>,
            <div
              className="selected-movie-content"
>
              <h1>
                            Mission: Impossible - Fallout
              </h1>
              <h3>
                            RELEASE: 
                            2018-07-25
              </h3>
              <p>
                            DETAILS: 
                            When an IMF mission ends badly, Thunted by assassins while trying to prevent a global catastrophe.
              </p>
</div>,
          ],
          "className": "selected-container",
          "onClick": [Function],
        },
        "ref": null,
        "rendered": Array [
          Object {
            "instance": null,
            "key": undefined,
            "nodeType": "host",
            "props": Object {
              "alt": "movie data",
              "className": "poster-image",
              "src": "https://image.tmdb.org/t/p/w200/AkJQpZp9WoNdj7pLYSj1L0RcMMN.jpg",
            },
            "ref": null,
            "rendered": null,
            "type": "img",
          },
          Object {
            "instance": null,
            "key": undefined,
            "nodeType": "host",
            "props": Object {
              "children": Array [
                <h1>
                  Mission: Impossible - Fallout
</h1>,
                <h3>
                  RELEASE: 
                  2018-07-25
</h3>,
                <p>
                  DETAILS: 
                  When an IMF mission ends badly, Thunted by assassins while trying to prevent a global catastrophe.
</p>,
              ],
              "className": "selected-movie-content",
            },
            "ref": null,
            "rendered": Array [
              Object {
                "instance": null,
                "key": undefined,
                "nodeType": "host",
                "props": Object {
                  "children": "Mission: Impossible - Fallout",
                },
                "ref": null,
                "rendered": "Mission: Impossible - Fallout",
                "type": "h1",
              },
              Object {
                "instance": null,
                "key": undefined,
                "nodeType": "host",
                "props": Object {
                  "children": Array [
                    "RELEASE: ",
                    "2018-07-25",
                  ],
                },
                "ref": null,
                "rendered": Array [
                  "RELEASE: ",
                  "2018-07-25",
                ],
                "type": "h3",
              },
              Object {
                "instance": null,
                "key": undefined,
                "nodeType": "host",
                "props": Object {
                  "children": Array [
                    "DETAILS: ",
                    "When an IMF mission ends badly, Thunted by assassins while trying to prevent a global catastrophe.",
                  ],
                },
                "ref": null,
                "rendered": Array [
                  "DETAILS: ",
                  "When an IMF mission ends badly, Thunted by assassins while trying to prevent a global catastrophe.",
                ],
                "type": "p",
              },
            ],
            "type": "div",
          },
        ],
        "type": "div",
      },
      "type": "div",
    },
  ],
  Symbol(enzyme.__options__): Object {
    "adapter": ReactSixteenAdapter {
      "options": Object {
        "enableComponentDidUpdateOnSetState": true,
        "lifecycles": Object {
          "componentDidUpdate": Object {
            "onSetState": true,
          },
          "getDerivedStateFromProps": true,
          "getSnapshotBeforeUpdate": true,
          "setState": Object {
            "skipsComponentDidUpdateOnNullish": true,
          },
        },
      },
    },
    "attachTo": undefined,
    "disableLifecycleMethods": true,
    "hydrateIn": undefined,
  },
}
`;
